------------------------------------------------------------
Timing Analyzer Summary
------------------------------------------------------------

Type  : Slow 1100mV 85C Model Setup 'sclk'
Slack : -0.183
TNS   : -1.199

Type  : Slow 1100mV 85C Model Hold 'sclk'
Slack : 0.339
TNS   : 0.000

Type  : Slow 1100mV 85C Model Minimum Pulse Width 'sclk'
Slack : -0.394
TNS   : -8.654

Type  : Slow 1100mV 0C Model Setup 'sclk'
Slack : -0.213
TNS   : -1.410

Type  : Slow 1100mV 0C Model Hold 'sclk'
Slack : 0.314
TNS   : 0.000

Type  : Slow 1100mV 0C Model Minimum Pulse Width 'sclk'
Slack : -0.394
TNS   : -7.994

Type  : Fast 1100mV 85C Model Setup 'sclk'
Slack : 0.306
TNS   : 0.000

Type  : Fast 1100mV 85C Model Hold 'sclk'
Slack : 0.181
TNS   : 0.000

Type  : Fast 1100mV 85C Model Minimum Pulse Width 'sclk'
Slack : -0.269
TNS   : -4.040

Type  : Fast 1100mV 0C Model Setup 'sclk'
Slack : 0.336
TNS   : 0.000

Type  : Fast 1100mV 0C Model Hold 'sclk'
Slack : 0.172
TNS   : 0.000

Type  : Fast 1100mV 0C Model Minimum Pulse Width 'sclk'
Slack : -0.256
TNS   : -3.816

------------------------------------------------------------
