------------------------------------------------------------
Timing Analyzer Summary
------------------------------------------------------------

Type  : Slow 1100mV 85C Model Setup 'sclk'
Slack : -0.472
TNS   : -1.741

Type  : Slow 1100mV 85C Model Hold 'sclk'
Slack : 0.287
TNS   : 0.000

Type  : Slow 1100mV 85C Model Minimum Pulse Width 'sclk'
Slack : -0.394
TNS   : -10.842

Type  : Slow 1100mV 0C Model Setup 'sclk'
Slack : -0.501
TNS   : -1.996

Type  : Slow 1100mV 0C Model Hold 'sclk'
Slack : 0.261
TNS   : 0.000

Type  : Slow 1100mV 0C Model Minimum Pulse Width 'sclk'
Slack : -0.394
TNS   : -10.177

Type  : Fast 1100mV 85C Model Setup 'sclk'
Slack : 0.165
TNS   : 0.000

Type  : Fast 1100mV 85C Model Hold 'sclk'
Slack : 0.166
TNS   : 0.000

Type  : Fast 1100mV 85C Model Minimum Pulse Width 'sclk'
Slack : -0.266
TNS   : -5.066

Type  : Fast 1100mV 0C Model Setup 'sclk'
Slack : 0.203
TNS   : 0.000

Type  : Fast 1100mV 0C Model Hold 'sclk'
Slack : 0.151
TNS   : 0.000

Type  : Fast 1100mV 0C Model Minimum Pulse Width 'sclk'
Slack : -0.250
TNS   : -4.778

------------------------------------------------------------
